[33mΓ¥»[39m Building...
[32mΓ£ö[39m Building...
Application bundle generation failed. [2.313 seconds] - 2026-04-22T13:50:06.330Z

node.exe : 
[1m[31m[31mX [41;31
m[[41;97mERROR[41;31m
][0m [1mTS2353: 
Object literal may 
only specify known 
properties, and 
'email' does not exist 
in type 
'LoginRequest'.[0m 
[1m[35m[plugin 
angular-compiler][0m
At line:1 char:1
+ & "C:\Program 
Files\nodejs/node.exe" 
"C:\Program 
Files\nodejs/node_mo 
...
+ ~~~~~~~~~~~~~~~~~~~~~
~~~~~~~~~~~~~~~~~~~~~~~
~~~~~~~~~~~~~~~~~~~~~~~
~~
    + CategoryInfo     
         : NotSpecifi  
  ed: ([1m[31m[31   
 mX...r-compiler][    
0m:String) [], Rem    
oteException
    + FullyQualifiedEr 
   rorId : NativeComm  
  andError
 

    src/app/core/servic
es/auth.spec.ts:38:20:
[37m      38 Γöé     
service.login({ 
[32memail[37m: 
'test@test.com', 
password: 'password' 
}...
         Γò╡           
          
[32m~~~~~[0m


[31mX [41;31m[[41;97
mERROR[41;31m][0m 
[1mTS2345: Argument 
of type '{ data: { 
token: string; }; 
isSuccess: boolean; 
message: string; }' is 
not assignable to 
parameter of type 'Expe
cted<ApiResponse<LoginR
esponse>>'.
  Type '{ data: { 
token: string; }; 
isSuccess: boolean; 
message: string; }' is 
not assignable to type 
'{ isSuccess: ExpectedR
ecursive<boolean>; 
message: ExpectedRecurs
ive<string>; data: Expe
ctedRecursive<LoginResp
onse>; }'.
    Types of property 
'data' are 
incompatible.
      Type '{ token: 
string; }' is not 
assignable to type 'Exp
ectedRecursive<LoginRes
ponse>'.
        Type '{ token: 
string; }' is missing 
the following 
properties from type 
'{ token: Any | Expecte
dRecursive<string>; 
fullName: Any | Expecte
dRecursive<string>; 
email: Any | ExpectedRe
cursive<string>; role: 
Any | ExpectedRecursive
<...>; expiresAt: Any 
| ExpectedRecursive<...
>; }': fullName, 
email, role, 
expiresAt[0m 
[1m[35m[plugin 
angular-compiler][0m

    src/app/core/servic
es/auth.spec.ts:39:39:
[37m      39 Γöé      
 next: res => expect(re
s).toEqual([32mmockRes
ponse[37m)
         Γò╡           
                       
      
[32m~~~~~~~~~~~~[0m


[31mX [41;31m[[41;97
mERROR[41;31m][0m 
[1mTS2305: Module 
'"./category"' has no 
exported member 
'CategoryService'.[0m 
[1m[35m[plugin 
angular-compiler][0m

    src/app/core/servic
es/category.spec.ts:2:9
:
[37m      2 Γöé 
import { [32mCategoryS
ervice[37m } from 
'./category';
        Γò╡          [
32m~~~~~~~~~~~~~~~[0m

[39m[22m
